// Jest Snapshot v1, https://goo.gl/fbAQLP

exports[`Card snapshot 1`] = `
<div
  class="card-wrapper v-card v-sheet theme--light"
/>
`;
