// Jest Snapshot v1, https://goo.gl/fbAQLP

exports[`Trends snapshot 1`] = `
<v-main-stub
  class="trend-root"
  ogp="[object Object]"
  tag="main"
>
  <post-trend-modal-stub
    ogp="[object Object]"
    options="[object Object],[object Object]"
  />
  <div
    class="trend-list"
  >
    <trend-card-stub
      class="card"
      comment="Nuxt.js is amazing"
      ogp="[object Object]"
      tags="[object Object],[object Object]"
    />
    <trend-card-stub
      class="card"
      comment="Nuxt.js is amazing"
      ogp="[object Object]"
      tags="[object Object],[object Object]"
    />
    <trend-card-stub
      class="card"
      comment="Nuxt.js is amazing"
      ogp="[object Object]"
      tags="[object Object],[object Object]"
    />
  </div>
</v-main-stub>
`;
